WINDOW: baseline  seasons 2007-2025  4 location-only buckets
  shots source: warehouse/tagged_shots_ids.parquet
  shots in 2007-2025: 610,554 of 610,554
  seasons present: [2007, 2008, 2009, 2010, 2011, 2012, 2013, 2014, 2015, 2016, 2017, 2018, 2019, 2020, 2021, 2022, 2023, 2024, 2025]
  after bucket filter: 610,554
  !! 845 shot rows (0.1384%) do NOT have two distinct five-man lineups. Dropped.
shape: (7, 5)
┌─────┬─────┬─────┬─────┬─────┐
│ _no ┆ _nd ┆ _uo ┆ _ud ┆ n   │
│ --- ┆ --- ┆ --- ┆ --- ┆ --- │
│ u32 ┆ u32 ┆ u32 ┆ u32 ┆ u32 │
╞═════╪═════╪═════╪═════╪═════╡
│ 5   ┆ 5   ┆ 5   ┆ 4   ┆ 371 │
│ 5   ┆ 5   ┆ 4   ┆ 5   ┆ 330 │
│ 5   ┆ 5   ┆ 4   ┆ 4   ┆ 80  │
│ 5   ┆ 5   ┆ 5   ┆ 3   ┆ 21  │
│ 5   ┆ 5   ┆ 3   ┆ 5   ┆ 20  │
│ 5   ┆ 5   ┆ 3   ┆ 4   ┆ 13  │
│ 5   ┆ 5   ┆ 4   ┆ 3   ┆ 10  │
└─────┴─────┴─────┴─────┴─────┘
  after distinctness: 609,709
  aggregated lineup-state x bucket rows: 414,028
  player map: 2183 players, off_base=0, def_base=2183

  building per-bucket designs:
    [at_rim            ] rows= 134,875  attempts=   216,060  y mean=+131.09 sd= 83.88  dropped=0
    [mid_range         ] rows= 113,277  attempts=   162,143  y mean= +77.18 sd= 89.30  dropped=0
    [corner_three      ] rows=  30,396  attempts=    33,655  y mean=+123.76 sd=143.98  dropped=0
    [above_break_three ] rows= 135,480  attempts=   197,851  y mean=+104.85 sd=129.79  dropped=0

  wrote 4 bucket design(s):
    warehouse/shotctx_baseline_at_rim_design.npz  + .X.npz
    warehouse/shotctx_baseline_mid_range_design.npz  + .X.npz
    warehouse/shotctx_baseline_corner_three_design.npz  + .X.npz
    warehouse/shotctx_baseline_above_break_three_design.npz  + .X.npz

  next: fit each with the window's leaderboard (rapm_baseline.parquet) as the shrinkage target.
WINDOW baseline  buckets: ['above_break_three', 'at_rim', 'corner_three', 'mid_range']
  shrinkage target: rapm_baseline.parquet (1478 players)

  [above_break_three]  X=(135480, 4367)  attempts=197,851  att/player=90.6
    league mean: 105.82 pts/100 (removed; coefficients are deviations from it)
    leaderboard match: 1478/2183 players
    705 design players absent from the leaderboard (below its display floor); they shrink toward 0 instead of their overall rating.
    sign convention (unshrunk diagnostic fit):
    unshrunk corr(raw_off, ORAPM) = +0.0664
    unshrunk corr(raw_def, DRAPM) = +0.0419
    this bucket's calibration says (+1,+1) but --force-signs pins (+1,-1); using the pinned value.
    -> mu_off = +1 * ORAPM,  mu_def = -1 * DRAPM
    CV over 6 alphas, grouped by game:
      alpha=    316.00  rmse=118.6305
      alpha=   1000.00  rmse=118.4065
      alpha=   3162.00  rmse=118.3258 <-
      alpha=  10000.00  rmse=118.3306
      alpha=  31620.00  rmse=118.3569
      alpha= 100000.00  rmse=118.3736
    lsqr istop=2 iters=18
    fitted intercept: -3.078 (should be near 0 after centring; a large value means the level is still leaking)
    fitted off: mean=+0.046 sd=1.141   deviation from prior sd=0.751
    fitted def: mean=-0.020 sd=1.055   deviation from prior sd=0.717

  [at_rim]  X=(134875, 4367)  attempts=216,060  att/player=99.0
    league mean: 127.60 pts/100 (removed; coefficients are deviations from it)
    leaderboard match: 1478/2183 players
    705 design players absent from the leaderboard (below its display floor); they shrink toward 0 instead of their overall rating.
    sign convention (unshrunk diagnostic fit):
    unshrunk corr(raw_off, ORAPM) = +0.4080
    unshrunk corr(raw_def, DRAPM) = -0.4813
    -> mu_off = +1 * ORAPM,  mu_def = -1 * DRAPM
    CV over 6 alphas, grouped by game:
      alpha=    316.00  rmse=75.0203
      alpha=   1000.00  rmse=74.8791
      alpha=   3162.00  rmse=74.8529 <-
      alpha=  10000.00  rmse=74.9040
      alpha=  31620.00  rmse=74.9658
      alpha= 100000.00  rmse=75.0010
    lsqr istop=2 iters=19
    fitted intercept: -3.382 (should be near 0 after centring; a large value means the level is still leaking)
    fitted off: mean=+0.046 sd=1.198   deviation from prior sd=0.595
    fitted def: mean=-0.020 sd=1.265   deviation from prior sd=0.614

  [corner_three]  X=(30396, 4367)  attempts=33,655  att/player=15.4
    league mean: 124.17 pts/100 (removed; coefficients are deviations from it)
    leaderboard match: 1478/2183 players
    705 design players absent from the leaderboard (below its display floor); they shrink toward 0 instead of their overall rating.
    sign convention (unshrunk diagnostic fit):
    unshrunk corr(raw_off, ORAPM) = +0.0155
    unshrunk corr(raw_def, DRAPM) = -0.0084
    -> mu_off = +1 * ORAPM,  mu_def = -1 * DRAPM
    CV over 6 alphas, grouped by game:
      alpha=    316.00  rmse=140.6066
      alpha=   1000.00  rmse=140.3666 <-
      alpha=   3162.00  rmse=140.3691
      alpha=  10000.00  rmse=140.4084
      alpha=  31620.00  rmse=140.4299
      alpha= 100000.00  rmse=140.4380
    lsqr istop=2 iters=15
    fitted intercept: -3.723 (should be near 0 after centring; a large value means the level is still leaking)
    fitted off: mean=+0.046 sd=1.389   deviation from prior sd=1.097
    fitted def: mean=-0.020 sd=1.349   deviation from prior sd=1.024

  [mid_range]  X=(113277, 4367)  attempts=162,143  att/player=74.3
    league mean: 77.10 pts/100 (removed; coefficients are deviations from it)
    leaderboard match: 1478/2183 players
    705 design players absent from the leaderboard (below its display floor); they shrink toward 0 instead of their overall rating.
    sign convention (unshrunk diagnostic fit):
    unshrunk corr(raw_off, ORAPM) = +0.3302
    unshrunk corr(raw_def, DRAPM) = -0.3719
    -> mu_off = +1 * ORAPM,  mu_def = -1 * DRAPM
    CV over 6 alphas, grouped by game:
      alpha=    316.00  rmse=81.6538
      alpha=   1000.00  rmse=81.4799
      alpha=   3162.00  rmse=81.4213 <-
      alpha=  10000.00  rmse=81.4335
      alpha=  31620.00  rmse=81.4590
      alpha= 100000.00  rmse=81.4733
    lsqr istop=2 iters=17
    fitted intercept: -2.204 (should be near 0 after centring; a large value means the level is still leaking)
    fitted off: mean=+0.046 sd=1.091   deviation from prior sd=0.518
    fitted def: mean=-0.020 sd=1.071   deviation from prior sd=0.449

  wrote 4 fit(s): warehouse/shotctx_baseline_<bucket>_fit.npz
  reports/shotctx_baseline_fit_report.json

  identifiability check (attempts vs deviation from prior):
    corner_three         attempts=    33,655  mean deviation sd=1.060
    mid_range            attempts=   162,143  mean deviation sd=0.484
    above_break_three    attempts=   197,851  mean deviation sd=0.734
    at_rim               attempts=   216,060  mean deviation sd=0.604
    corr(attempts, deviation) = -0.806
    >>> STRONGLY NEGATIVE. Deviation from the prior shrinks as
        sample size grows, which is the signature of estimation
        NOISE surviving shrinkage rather than real context effect.
        Real signal would deviate MOST where data is richest.
        Do not present per-bucket ratings as findings at this
        sample size; suppress thin buckets in the dashboard and
        report the identifiability limit instead.

  sign convention consistent across buckets: (1.0, -1.0)
python3: can't open file '/mnt/d/AI Applied in Sports/Thesis/euroleague-rapm/scripts/export_shotctx_parquet.py': [Errno 2] No such file or directory
WINDOW: dash  seasons 2021-2025  4 location-only buckets
  shots source: warehouse/tagged_shots_ids.parquet
  shots in 2021-2025: 210,273 of 610,554
  seasons present: [2021, 2022, 2023, 2024, 2025]
  after bucket filter: 210,273
  !! 107 shot rows (0.0509%) do NOT have two distinct five-man lineups. Dropped.
shape: (3, 5)
┌─────┬─────┬─────┬─────┬─────┐
│ _no ┆ _nd ┆ _uo ┆ _ud ┆ n   │
│ --- ┆ --- ┆ --- ┆ --- ┆ --- │
│ u32 ┆ u32 ┆ u32 ┆ u32 ┆ u32 │
╞═════╪═════╪═════╪═════╪═════╡
│ 5   ┆ 5   ┆ 5   ┆ 4   ┆ 41  │
│ 5   ┆ 5   ┆ 4   ┆ 4   ┆ 34  │
│ 5   ┆ 5   ┆ 4   ┆ 5   ┆ 32  │
└─────┴─────┴─────┴─────┴─────┘
  after distinctness: 210,166
  aggregated lineup-state x bucket rows: 142,102
  player map: 701 players, off_base=0, def_base=701

  building per-bucket designs:
    [at_rim            ] rows=  44,938  attempts=    70,812  y mean=+134.94 sd= 83.02  dropped=0
    [mid_range         ] rows=  37,650  attempts=    53,394  y mean= +80.33 sd= 90.26  dropped=0
    [corner_three      ] rows=  10,176  attempts=    11,347  y mean=+126.04 sd=144.17  dropped=0
    [above_break_three ] rows=  49,338  attempts=    74,613  y mean=+104.68 sd=128.61  dropped=0

  wrote 4 bucket design(s):
    warehouse/shotctx_dash_at_rim_design.npz  + .X.npz
    warehouse/shotctx_dash_mid_range_design.npz  + .X.npz
    warehouse/shotctx_dash_corner_three_design.npz  + .X.npz
    warehouse/shotctx_dash_above_break_three_design.npz  + .X.npz

  next: fit each with the window's leaderboard (rapm_dash.parquet) as the shrinkage target.
WINDOW dash  buckets: ['above_break_three', 'at_rim', 'corner_three', 'mid_range']
  shrinkage target: rapm_dash.parquet (517 players)

  [above_break_three]  X=(49338, 1403)  attempts=74,613  att/player=106.4
    league mean: 105.59 pts/100 (removed; coefficients are deviations from it)
    leaderboard match: 517/701 players
    184 design players absent from the leaderboard (below its display floor); they shrink toward 0 instead of their overall rating.
    sign convention (unshrunk diagnostic fit):
    unshrunk corr(raw_off, ORAPM) = +0.0551
    unshrunk corr(raw_def, DRAPM) = +0.0981
    this bucket's calibration says (+1,+1) but --force-signs pins (+1,-1); using the pinned value.
    -> mu_off = +1 * ORAPM,  mu_def = -1 * DRAPM
    CV over 6 alphas, grouped by game:
      alpha=    316.00  rmse=116.6315
      alpha=   1000.00  rmse=116.3814
      alpha=   3162.00  rmse=116.2890
      alpha=  10000.00  rmse=116.2857 <-
      alpha=  31620.00  rmse=116.3036
      alpha= 100000.00  rmse=116.3152
    lsqr istop=2 iters=11
    fitted intercept: -1.895 (should be near 0 after centring; a large value means the level is still leaking)
    fitted off: mean=+0.024 sd=0.780   deviation from prior sd=0.318
    fitted def: mean=-0.006 sd=0.716   deviation from prior sd=0.304

  [at_rim]  X=(44938, 1403)  attempts=70,812  att/player=101.0
    league mean: 131.72 pts/100 (removed; coefficients are deviations from it)
    leaderboard match: 517/701 players
    184 design players absent from the leaderboard (below its display floor); they shrink toward 0 instead of their overall rating.
    sign convention (unshrunk diagnostic fit):
    unshrunk corr(raw_off, ORAPM) = +0.3684
    unshrunk corr(raw_def, DRAPM) = -0.4784
    -> mu_off = +1 * ORAPM,  mu_def = -1 * DRAPM
    CV over 6 alphas, grouped by game:
      alpha=    316.00  rmse=74.8830
      alpha=   1000.00  rmse=74.6939
      alpha=   3162.00  rmse=74.6395 <-
      alpha=  10000.00  rmse=74.6666
      alpha=  31620.00  rmse=74.7057
      alpha= 100000.00  rmse=74.7270
    lsqr istop=2 iters=17
    fitted intercept: -1.811 (should be near 0 after centring; a large value means the level is still leaking)
    fitted off: mean=+0.024 sd=1.020   deviation from prior sd=0.570
    fitted def: mean=-0.006 sd=1.047   deviation from prior sd=0.579

  [corner_three]  X=(10176, 1403)  attempts=11,347  att/player=16.2
    league mean: 125.58 pts/100 (removed; coefficients are deviations from it)
    leaderboard match: 517/701 players
    184 design players absent from the leaderboard (below its display floor); they shrink toward 0 instead of their overall rating.
    sign convention (unshrunk diagnostic fit):
    unshrunk corr(raw_off, ORAPM) = +0.0435
    unshrunk corr(raw_def, DRAPM) = +0.0115
    this bucket's calibration says (+1,+1) but --force-signs pins (+1,-1); using the pinned value.
    -> mu_off = +1 * ORAPM,  mu_def = -1 * DRAPM
    CV over 6 alphas, grouped by game:
      alpha=    316.00  rmse=140.4730
      alpha=   1000.00  rmse=140.2792 <-
      alpha=   3162.00  rmse=140.2882
      alpha=  10000.00  rmse=140.3181
      alpha=  31620.00  rmse=140.3327
      alpha= 100000.00  rmse=140.3381
    lsqr istop=2 iters=14
    fitted intercept: -1.372 (should be near 0 after centring; a large value means the level is still leaking)
    fitted off: mean=+0.024 sd=1.347   deviation from prior sd=1.158
    fitted def: mean=-0.006 sd=1.256   deviation from prior sd=1.061

  [mid_range]  X=(37650, 1403)  attempts=53,394  att/player=76.2
    league mean: 80.41 pts/100 (removed; coefficients are deviations from it)
    leaderboard match: 517/701 players
    184 design players absent from the leaderboard (below its display floor); they shrink toward 0 instead of their overall rating.
    sign convention (unshrunk diagnostic fit):
    unshrunk corr(raw_off, ORAPM) = +0.3370
    unshrunk corr(raw_def, DRAPM) = -0.3063
    -> mu_off = +1 * ORAPM,  mu_def = -1 * DRAPM
    CV over 6 alphas, grouped by game:
      alpha=    316.00  rmse=82.8557
      alpha=   1000.00  rmse=82.6653
      alpha=   3162.00  rmse=82.6075 <-
      alpha=  10000.00  rmse=82.6179
      alpha=  31620.00  rmse=82.6389
      alpha= 100000.00  rmse=82.6502
    lsqr istop=2 iters=16
    fitted intercept: -2.447 (should be near 0 after centring; a large value means the level is still leaking)
    fitted off: mean=+0.024 sd=0.941   deviation from prior sd=0.509
    fitted def: mean=-0.006 sd=0.907   deviation from prior sd=0.476

  wrote 4 fit(s): warehouse/shotctx_dash_<bucket>_fit.npz
  reports/shotctx_dash_fit_report.json

  identifiability check (attempts vs deviation from prior):
    corner_three         attempts=    11,347  mean deviation sd=1.109
    mid_range            attempts=    53,394  mean deviation sd=0.493
    at_rim               attempts=    70,812  mean deviation sd=0.574
    above_break_three    attempts=    74,613  mean deviation sd=0.311
    corr(attempts, deviation) = -0.936
    >>> STRONGLY NEGATIVE. Deviation from the prior shrinks as
        sample size grows, which is the signature of estimation
        NOISE surviving shrinkage rather than real context effect.
        Real signal would deviate MOST where data is richest.
        Do not present per-bucket ratings as findings at this
        sample size; suppress thin buckets in the dashboard and
        report the identifiability limit instead.

  sign convention consistent across buckets: (1.0, -1.0)
python3: can't open file '/mnt/d/AI Applied in Sports/Thesis/euroleague-rapm/scripts/export_shotctx_parquet.py': [Errno 2] No such file or directory
WINDOW: eval  seasons 2020-2024  4 location-only buckets
  shots source: warehouse/tagged_shots_ids.parquet
  shots in 2020-2024: 198,271 of 610,554
  seasons present: [2020, 2021, 2022, 2023, 2024]
  after bucket filter: 198,271
  !! 101 shot rows (0.0509%) do NOT have two distinct five-man lineups. Dropped.
shape: (5, 5)
┌─────┬─────┬─────┬─────┬─────┐
│ _no ┆ _nd ┆ _uo ┆ _ud ┆ n   │
│ --- ┆ --- ┆ --- ┆ --- ┆ --- │
│ u32 ┆ u32 ┆ u32 ┆ u32 ┆ u32 │
╞═════╪═════╪═════╪═════╪═════╡
│ 5   ┆ 5   ┆ 5   ┆ 4   ┆ 42  │
│ 5   ┆ 5   ┆ 4   ┆ 5   ┆ 26  │
│ 5   ┆ 5   ┆ 4   ┆ 4   ┆ 16  │
│ 5   ┆ 5   ┆ 3   ┆ 5   ┆ 9   │
│ 5   ┆ 5   ┆ 5   ┆ 3   ┆ 8   │
└─────┴─────┴─────┴─────┴─────┘
  after distinctness: 198,170
  aggregated lineup-state x bucket rows: 134,387
  player map: 677 players, off_base=0, def_base=677

  building per-bucket designs:
    [at_rim            ] rows=  42,171  attempts=    66,384  y mean=+134.76 sd= 82.91  dropped=0
    [mid_range         ] rows=  36,164  attempts=    51,458  y mean= +79.57 sd= 89.87  dropped=0
    [corner_three      ] rows=   9,949  attempts=    11,080  y mean=+126.74 sd=144.37  dropped=0
    [above_break_three ] rows=  46,103  attempts=    69,248  y mean=+105.91 sd=129.17  dropped=0

  wrote 4 bucket design(s):
    warehouse/shotctx_eval_at_rim_design.npz  + .X.npz
    warehouse/shotctx_eval_mid_range_design.npz  + .X.npz
    warehouse/shotctx_eval_corner_three_design.npz  + .X.npz
    warehouse/shotctx_eval_above_break_three_design.npz  + .X.npz

  next: fit each with the window's leaderboard (rapm_eval.parquet) as the shrinkage target.
WINDOW eval  buckets: ['above_break_three', 'at_rim', 'corner_three', 'mid_range']
  shrinkage target: rapm_eval.parquet (495 players)

  [above_break_three]  X=(46103, 1355)  attempts=69,248  att/player=102.3
    league mean: 106.71 pts/100 (removed; coefficients are deviations from it)
    leaderboard match: 495/677 players
    182 design players absent from the leaderboard (below its display floor); they shrink toward 0 instead of their overall rating.
    sign convention (unshrunk diagnostic fit):
    unshrunk corr(raw_off, ORAPM) = +0.0456
    unshrunk corr(raw_def, DRAPM) = +0.0333
    this bucket's calibration says (+1,+1) but --force-signs pins (+1,-1); using the pinned value.
    -> mu_off = +1 * ORAPM,  mu_def = -1 * DRAPM
    CV over 6 alphas, grouped by game:
      alpha=    316.00  rmse=117.4379
      alpha=   1000.00  rmse=117.1663
      alpha=   3162.00  rmse=117.0559
      alpha=  10000.00  rmse=117.0388 <-
      alpha=  31620.00  rmse=117.0481
      alpha= 100000.00  rmse=117.0555
    lsqr istop=2 iters=10
    fitted intercept: -1.601 (should be near 0 after centring; a large value means the level is still leaking)
    fitted off: mean=+0.027 sd=0.768   deviation from prior sd=0.327
    fitted def: mean=-0.008 sd=0.732   deviation from prior sd=0.291

  [at_rim]  X=(42171, 1355)  attempts=66,384  att/player=98.1
    league mean: 131.32 pts/100 (removed; coefficients are deviations from it)
    leaderboard match: 495/677 players
    182 design players absent from the leaderboard (below its display floor); they shrink toward 0 instead of their overall rating.
    sign convention (unshrunk diagnostic fit):
    unshrunk corr(raw_off, ORAPM) = +0.3613
    unshrunk corr(raw_def, DRAPM) = -0.4718
    -> mu_off = +1 * ORAPM,  mu_def = -1 * DRAPM
    CV over 6 alphas, grouped by game:
      alpha=    316.00  rmse=74.7406
      alpha=   1000.00  rmse=74.5752
      alpha=   3162.00  rmse=74.5361 <-
      alpha=  10000.00  rmse=74.5694
      alpha=  31620.00  rmse=74.6096
      alpha= 100000.00  rmse=74.6306
    lsqr istop=2 iters=16
    fitted intercept: -1.711 (should be near 0 after centring; a large value means the level is still leaking)
    fitted off: mean=+0.027 sd=1.024   deviation from prior sd=0.577
    fitted def: mean=-0.008 sd=1.042   deviation from prior sd=0.568

  [corner_three]  X=(9949, 1355)  attempts=11,080  att/player=16.4
    league mean: 126.53 pts/100 (removed; coefficients are deviations from it)
    leaderboard match: 495/677 players
    182 design players absent from the leaderboard (below its display floor); they shrink toward 0 instead of their overall rating.
    sign convention (unshrunk diagnostic fit):
    unshrunk corr(raw_off, ORAPM) = +0.0455
    unshrunk corr(raw_def, DRAPM) = +0.0356
    this bucket's calibration says (+1,+1) but --force-signs pins (+1,-1); using the pinned value.
    -> mu_off = +1 * ORAPM,  mu_def = -1 * DRAPM
    CV over 6 alphas, grouped by game:
      alpha=    316.00  rmse=140.6654
      alpha=   1000.00  rmse=140.5340 <-
      alpha=   3162.00  rmse=140.5954
      alpha=  10000.00  rmse=140.6497
      alpha=  31620.00  rmse=140.6731
      alpha= 100000.00  rmse=140.6813
    lsqr istop=2 iters=14
    fitted intercept: -1.213 (should be near 0 after centring; a large value means the level is still leaking)
    fitted off: mean=+0.027 sd=1.371   deviation from prior sd=1.178
    fitted def: mean=-0.008 sd=1.294   deviation from prior sd=1.130

  [mid_range]  X=(36164, 1355)  attempts=51,458  att/player=76.0
    league mean: 79.70 pts/100 (removed; coefficients are deviations from it)
    leaderboard match: 495/677 players
    182 design players absent from the leaderboard (below its display floor); they shrink toward 0 instead of their overall rating.
    sign convention (unshrunk diagnostic fit):
    unshrunk corr(raw_off, ORAPM) = +0.3604
    unshrunk corr(raw_def, DRAPM) = -0.3622
    -> mu_off = +1 * ORAPM,  mu_def = -1 * DRAPM
    CV over 6 alphas, grouped by game:
      alpha=    316.00  rmse=82.4010
      alpha=   1000.00  rmse=82.2012
      alpha=   3162.00  rmse=82.1351 <-
      alpha=  10000.00  rmse=82.1413
      alpha=  31620.00  rmse=82.1590
      alpha= 100000.00  rmse=82.1684
    lsqr istop=2 iters=15
    fitted intercept: -1.831 (should be near 0 after centring; a large value means the level is still leaking)
    fitted off: mean=+0.027 sd=0.944   deviation from prior sd=0.506
    fitted def: mean=-0.008 sd=0.925   deviation from prior sd=0.470

  wrote 4 fit(s): warehouse/shotctx_eval_<bucket>_fit.npz
  reports/shotctx_eval_fit_report.json

  identifiability check (attempts vs deviation from prior):
    corner_three         attempts=    11,080  mean deviation sd=1.154
    mid_range            attempts=    51,458  mean deviation sd=0.488
    at_rim               attempts=    66,384  mean deviation sd=0.573
    above_break_three    attempts=    69,248  mean deviation sd=0.309
    corr(attempts, deviation) = -0.943
    >>> STRONGLY NEGATIVE. Deviation from the prior shrinks as
        sample size grows, which is the signature of estimation
        NOISE surviving shrinkage rather than real context effect.
        Real signal would deviate MOST where data is richest.
        Do not present per-bucket ratings as findings at this
        sample size; suppress thin buckets in the dashboard and
        report the identifiability limit instead.

  sign convention consistent across buckets: (1.0, -1.0)
python3: can't open file '/mnt/d/AI Applied in Sports/Thesis/euroleague-rapm/scripts/export_shotctx_parquet.py': [Errno 2] No such file or directory
