situation flags: IGNORED (four location buckets)
  read 5,039 shard(s) -> 755,145 rows
read 755,145 Points-feed rows, 2,597,643 PBP rows

755,145 feed rows → 614,219 field-goal attempts (dropped 140,926 free throws / non-shots)
PBP join: 613,574/614,219 = 99.89%
orientation failures: 3,020 (0.492%) — shooter in neither five, offence/defence undeterminable. EXCLUDED.
  (Week 1 measured ~0.12% mis-attribution near substitutions; a number in that range is expected. Report it in Ch9.)
shape: (14, 2)
┌────────┬──────┐
│ Season ┆ n    │
│ ---    ┆ ---  │
│ i64    ┆ u32  │
╞════════╪══════╡
│ 2007   ┆ 6    │
│ 2009   ┆ 2    │
│ 2010   ┆ 78   │
│ 2013   ┆ 370  │
│ 2014   ┆ 1018 │
│ …      ┆ …    │
│ 2021   ┆ 9    │
│ 2022   ┆ 8    │
│ 2023   ┆ 35   │
│ 2024   ┆ 95   │
│ 2025   ┆ 270  │
└────────┴──────┘
kept: 610,554 rows → warehouse/tagged_shots.parquet
threes with coordinates: 100.0%

per-season join + coordinate coverage:
shape: (19, 4)
┌────────┬───────┬────────────┬────────────┐
│ Season ┆ shots ┆ match_rate ┆ coord_rate │
│ ---    ┆ ---   ┆ ---        ┆ ---        │
│ i64    ┆ u32   ┆ f64        ┆ f64        │
╞════════╪═══════╪════════════╪════════════╡
│ 2007   ┆ 27209 ┆ 0.994781   ┆ 1.0        │
│ 2008   ┆ 21880 ┆ 0.996755   ┆ 1.0        │
│ 2009   ┆ 21416 ┆ 0.998226   ┆ 1.0        │
│ 2010   ┆ 22302 ┆ 0.998834   ┆ 1.0        │
│ 2011   ┆ 22387 ┆ 0.999732   ┆ 1.0        │
│ 2012   ┆ 30116 ┆ 0.997808   ┆ 1.0        │
│ 2013   ┆ 30493 ┆ 0.997573   ┆ 1.0        │
│ 2014   ┆ 31065 ┆ 0.997135   ┆ 1.0        │
│ 2015   ┆ 30403 ┆ 0.999868   ┆ 1.0        │
│ 2016   ┆ 31928 ┆ 0.999749   ┆ 1.0        │
│ 2017   ┆ 31876 ┆ 0.99931    ┆ 1.0        │
│ 2018   ┆ 31820 ┆ 0.999497   ┆ 1.0        │
│ 2019   ┆ 31108 ┆ 0.999936   ┆ 1.0        │
│ 2020   ┆ 39465 ┆ 0.999493   ┆ 1.0        │
│ 2021   ┆ 36198 ┆ 0.999889   ┆ 1.0        │
│ 2022   ┆ 39939 ┆ 0.99995    ┆ 1.0        │
│ 2023   ┆ 41331 ┆ 0.999516   ┆ 1.0        │
│ 2024   ┆ 41533 ┆ 0.999952   ┆ 1.0        │
│ 2025   ┆ 51750 ┆ 0.999362   ┆ 1.0        │
└────────┴───────┴────────────┴────────────┘

bucket distribution:
shape: (4, 6)
┌───────────────────┬──────────┬────────┬────────┬────────┬─────────────┐
│ bucket            ┆ attempts ┆ made   ┆ pts    ┆ fg_pct ┆ pts_per_100 │
│ ---               ┆ ---      ┆ ---    ┆ ---    ┆ ---    ┆ ---         │
│ str               ┆ u32      ┆ u32    ┆ i32    ┆ f64    ┆ f64         │
╞═══════════════════╪══════════╪════════╪════════╪════════╪═════════════╡
│ at_rim            ┆ 216374   ┆ 138038 ┆ 276076 ┆ 0.638  ┆ 127.59      │
│ above_break_three ┆ 198122   ┆ 69867  ┆ 209601 ┆ 0.3526 ┆ 105.79      │
│ mid_range         ┆ 162348   ┆ 62587  ┆ 125174 ┆ 0.3855 ┆ 77.1        │
│ corner_three      ┆ 33710    ┆ 13950  ┆ 41850  ┆ 0.4138 ┆ 124.15      │
└───────────────────┴──────────┴────────┴────────┴────────┴─────────────┘
  expected: at_rim ~0.65, above_break ~0.35, corner ~0.44, mid ~0.40
  pts/100:  corner ~= at_rim > above_break > mid_range

seasons tagged: 19  2007-2025

all seasons clear the join floor.
